# === Historical run: a10_5_hunt 34 (pre-decision-model optimization model) ===
# This log captures the ORIGINAL optimizing model (a10_5_hunt.cpp, 8 workers,
# hard bound <= 297 + Minimize, no incumbent seeded). It is superseded by the
# strengthened a10_5_boost.cpp model (6 workers, Hamming-slice incumbent hint,
# sound neighborhood constraints). Preserve as historical reference only.
# ---------------------------------------------------------------------------
$ ./a10_5_hunt 34
A(10,5): vertices=30240 directed_edges=756000
resuming with proven lower bound >= 34

Starting CP-SAT solver v9.12.4544
Parameters: log_search_progress: true num_search_workers: 8

Initial optimization model '': (model_fingerprint: 0xfc2fa322cee74c1d)
#Variables: 60'480 (#bools: 30'240 in objective)
  - 60'480 Booleans in [0,1]
#kBoolOr: 30'240 (#literals: 60'480)
#kLinear1: 1
#kLinear3: 756'000
#kLinearN: 3 (#terms: 90'720)

Starting presolve at 0.13s
  9.16e-02s  0.00e+00d  [DetectDominanceRelations]
  1.64e+00s  0.00e+00d  [PresolveToFixPoint] #num_loops=2 #num_dual_strengthening=1
  8.07e-03s  0.00e+00d  [ExtractEncodingFromLinear]
  5.55e-02s  0.00e+00d  [DetectDuplicateColumns]
  7.00e-02s  0.00e+00d  [DetectDuplicateConstraints] #duplicates=2
[Symmetry] Graph for symmetry has 937'387 nodes and 2'479'573 arcs.
[Symmetry] GraphSymmetryFinder error: During the invariant dive.
[Symmetry] Symmetry computation done. time: 0.552451 dtime: 1.17423
[SAT presolve] num removable Booleans: 0 / 60478
[SAT presolve] num trivial clauses: 0
[SAT presolve] [0s] clauses:786214 literals:2328378 vars:60478 one_side_vars:0 simple_definition:30239 singleton_clauses:0
[SAT presolve] [0.300511s] clauses:785614 literals:2326578 vars:60478 one_side_vars:0 simple_definition:30264 singleton_clauses:0
[SAT presolve] [0.304451s] clauses:785614 literals:2326578 vars:60478 one_side_vars:0 simple_definition:30264 singleton_clauses:0
  4.04e-02s  0.00e+00d  [DetectDuplicateConstraintsWithDifferentEnforcements]
  6.34e-01s  2.75e-01d  [Probe] #probed=120'956 #equiv=25
  4.46e-02s  2.08e-03d  [MaxClique]
  1.30e-01s  0.00e+00d  [DetectDominanceRelations]
  4.34e-01s  0.00e+00d  [PresolveToFixPoint] #num_loops=1 #num_dual_strengthening=1
  3.21e-02s  0.00e+00d  [ProcessAtMostOneAndLinear]
  4.51e-02s  0.00e+00d  [DetectDuplicateConstraints]
  5.09e-02s  0.00e+00d  [DetectDuplicateConstraintsWithDifferentEnforcements]
  1.29e-02s  0.00e+00d  [DetectDominatedLinearConstraints] #relevant_constraints=1
  1.27e-02s  0.00e+00d  [DetectDifferentVariables]
  3.43e-01s  1.57e-02d  [ProcessSetPPC] #relevant_constraints=785'565 #num_inclusions=755'350
  1.26e-02s  0.00e+00d  [FindAlmostIdenticalLinearConstraints]
  3.99e-01s  1.00e+00d *[FindBigAtMostOneAndLinearOverlap]
  1.06e-01s  1.00e+00d *[FindBigVerticalLinearOverlap]
  1.22e-02s  1.51e-04d  [FindBigHorizontalLinearOverlap] #linears=1
  2.94e-01s  1.13e-02d  [MergeClauses] #num_collisions=725'136 #num_merges=725'136 #num_saved_literals=1'450'272
  1.04e-01s  0.00e+00d  [DetectDominanceRelations]
  2.23e-01s  0.00e+00d  [PresolveToFixPoint] #num_loops=1 #num_dual_strengthening=1
  1.04e-01s  0.00e+00d  [DetectDominanceRelations]
  2.21e-01s  0.00e+00d  [PresolveToFixPoint] #num_loops=1 #num_dual_strengthening=1
  1.39e-02s  0.00e+00d  [DetectDuplicateColumns]
  2.22e-02s  0.00e+00d  [DetectDuplicateConstraints]
[Symmetry] Graph for symmetry has 211'576 nodes and 1'027'326 arcs.
[Symmetry] GraphSymmetryFinder error: Some automorphisms were found, but probably not all.
[Symmetry] Symmetry computation done. time: 0.598804 dtime: 1.03177
[Symmetry] #generators: 2, average support size: 59126
[Symmetry] 10747 orbits on 60381 variables with sizes: 6,6,6,6,6,6,6,6,6,6,...
[Symmetry] Found orbitope of size 29563 x 2
[SAT presolve] num removable Booleans: 0 / 60453
[SAT presolve] num trivial clauses: 0
[SAT presolve] [0s] clauses:785564 literals:2326478 vars:60453 one_side_vars:25 simple_definition:30214 singleton_clauses:0
[SAT presolve] [0.137775s] clauses:785564 literals:2326478 vars:60453 one_side_vars:25 simple_definition:30214 singleton_clauses:0
[SAT presolve] [0.141445s] clauses:785564 literals:2326478 vars:60453 one_side_vars:25 simple_definition:30214 singleton_clauses:0
  5.94e-02s  0.00e+00d  [DetectDuplicateConstraintsWithDifferentEnforcements]
  6.90e-01s  2.75e-01d  [Probe] #probed=120'956
  4.79e-02s  2.08e-03d  [MaxClique]
  1.08e-01s  0.00e+00d  [DetectDominanceRelations]
  4.37e-01s  0.00e+00d  [PresolveToFixPoint] #num_loops=1 #num_dual_strengthening=1
  4.59e-02s  0.00e+00d  [ProcessAtMostOneAndLinear]
  6.32e-02s  0.00e+00d  [DetectDuplicateConstraints]
  5.66e-02s  0.00e+00d  [DetectDuplicateConstraintsWithDifferentEnforcements]
  1.82e-02s  0.00e+00d  [DetectDominatedLinearConstraints] #relevant_constraints=1
  1.82e-02s  0.00e+00d  [DetectDifferentVariables]
  3.31e-01s  1.57e-02d  [ProcessSetPPC] #relevant_constraints=785'565 #num_inclusions=755'350
  1.73e-02s  0.00e+00d  [FindAlmostIdenticalLinearConstraints]
  4.00e-01s  1.00e+00d *[FindBigAtMostOneAndLinearOverlap]
  1.06e-01s  1.00e+00d *[FindBigVerticalLinearOverlap]
  1.81e-02s  1.51e-04d  [FindBigHorizontalLinearOverlap] #linears=1
  2.29e-01s  1.13e-02d  [MergeClauses] #num_collisions=725'136 #num_merges=725'136 #num_saved_literals=1'450'272
  1.13e-01s  0.00e+00d  [DetectDominanceRelations]
  2.57e-01s  0.00e+00d  [PresolveToFixPoint] #num_loops=1 #num_dual_strengthening=1
  2.75e-02s  0.00e+00d  [ExpandObjective]

Presolve summary:
  - 25 affine relations were detected.
  - rule 'TODO linear2: contains a Boolean.' was applied 50 times.
  - rule 'affine: new relation' was applied 25 times.
  - rule 'bool_or: implications' was applied 30'264 times.
  - rule 'bool_or: only one literal' was applied 1 time.
  - rule 'duplicate: linear constraint parallel to objective' was applied 2 times.
  - rule 'duplicate: removed constraint' was applied 2 times.
  - rule 'duplicate: updated objective domain' was applied 2 times.
  - rule 'linear1: x in domain' was applied 1 time.
  - rule 'linear: always true' was applied 25 times.
  - rule 'linear: fixed or dup variables' was applied 3 times.
  - rule 'linear: negative clause' was applied 377'975 times.
  - rule 'linear: positive clause' was applied 378'000 times.
  - rule 'linear: simplified rhs' was applied 1 time.
  - rule 'objective: variable not used elsewhere' was applied 1 time.
  - rule 'presolve: 2 unused variables removed.' was applied 1 time.
  - rule 'presolve: iteration' was applied 2 times.

Presolved optimization model '': (model_fingerprint: 0xfe09c65bd8711213)
#Variables: 60'453 (#bools: 30'239 in objective)
  - 60'453 Booleans in [0,1]
#kBoolAnd: 60'428 (#enforced: 60'428 #multi: 30'214) (#literals: 876'206)
#kLinearN: 1 (#terms: 30'239)
[Symmetry] Graph for symmetry has 211'549 nodes and 1'027'326 arcs.
[Symmetry] GraphSymmetryFinder error: Some automorphisms were found, but probably not all.
[Symmetry] Symmetry computation done. time: 0.597642 dtime: 1.03176
[Symmetry] #generators: 2, average support size: 59126
[Symmetry] 10747 orbits on 60381 variables with sizes: 6,6,6,6,6,6,6,6,6,6,...
[Symmetry] Found orbitope of size 29563 x 2

Preloading model.
#Bound  12.35s best:inf   next:[34,297]   initial_domain
#Model  12.40s var:60453/60453 constraints:60429/60429

Starting search at 12.47s with 8 workers.
6 full problem subsolvers: [core, default_lp, max_lp_sym, no_lp, quick_restart, reduced_costs]
2 first solution subsolvers: [fj, fs_random_no_lp]
9 interleaved subsolvers: [feasibility_pump, graph_arc_lns, graph_cst_lns, graph_dec_lns, graph_var_lns, ls, rins/rens, rnd_cst_lns, rnd_var_lns]
3 helper subsolvers: [neighborhood_helper, synchronization_agent, update_gap_integral]

#Bound 5406.02s best:inf   next:[35,297]   bool_core (num_cores=11 [size:1 mw:1] a=1 d=19 fixed=29/242780 clauses=2'021'034)
