# shane@coffeelake:~/Documents/school/ou-papers/program-cheng-connectivity-asymptote
$ time ./bin/validate_extra_cut_bitmap 20 8 --disk-backed ./state_A15_10

OPENMP DISPLAY ENVIRONMENT BEGIN
  _OPENMP = '202111'
  [host] OMP_DYNAMIC = 'FALSE'
  [host] OMP_NESTED = 'FALSE'
  [host] OMP_NUM_THREADS = '1'
  [host] OMP_SCHEDULE = 'DYNAMIC'
  [host] OMP_PROC_BIND = 'FALSE'
  [host] OMP_PLACES = ''
  [host] OMP_STACKSIZE = '0'
  [host] OMP_WAIT_POLICY = 'PASSIVE'
  [host] OMP_THREAD_LIMIT = '4294967295'
  [host] OMP_MAX_ACTIVE_LEVELS = '1'
  [host] OMP_NUM_TEAMS = '0'
  [host] OMP_TEAMS_THREAD_LIMIT = '0'
  [all] OMP_CANCELLATION = 'FALSE'
  [all] OMP_DEFAULT_DEVICE = '0'
  [all] OMP_MAX_TASK_PRIORITY = '0'
  [all] OMP_DISPLAY_AFFINITY = 'FALSE'
  [host] OMP_AFFINITY_FORMAT = 'level %L thread %i affinity %A'
  [host] OMP_ALLOCATOR = 'omp_default_mem_alloc'
  [all] OMP_TARGET_OFFLOAD = 'DEFAULT'
OPENMP DISPLAY ENVIRONMENT END
Build: 0.1.0 (draft-2026-07-21-emailed-laszlo-eddie-453-gd03297602313-dirty)
Building rank-indexed A(20,8)...
Total valid vertices: 5079110400
Visited bitset: 634888800 bytes
Storage: disk-backed (mmap)
R = 97
Candidate g = 96
Subset S connectivity verified.
|S| = 97
|N(S)| = 4368
Validating 96-extra cut properties...
Top-down expand: [top-down layer   1] frontier 1
Top-down expand: [top-down layer   2] frontier 72
Top-down expand: [top-down layer   3] frontier 4068
Top-down expand: [top-down layer   4] frontier 118155
Top-down expand: [top-down layer   5] frontier 2272132
Top-down expand: [top-down layer   6] frontier 29330772
Top-down expand: [top-down layer   7] frontier 250635954
BFS progress:   [top-down layer   7] 282361154 / 5079105935 (5.6%)[Direction Optimized: Bottom-Up Scan Active]
Bottom-up scan:  [bottom-up layer   8] scan  15.0% | overall   5.6% (282361154 / 5079105935)^C
real    14m10.418s
user    13m50.352s
sys     0m5.512s

direnv: loading ~/Documents/school/ou-papers/program-cheng-connectivity-asymptote/.envrc
direnv: export +LEAN_CACHE_DIR +OMP_DISPLAY_ENV +ORTOOLS_CFLAGS +ORTOOLS_HOME +ORTOOLS_LIBS

# RESUMED.

$ time ./bin/validate_extra_cut_bitmap 20 8 --disk-backed ./state_A15_10 --resume

OPENMP DISPLAY ENVIRONMENT BEGIN
  _OPENMP = '202111'
  [host] OMP_DYNAMIC = 'FALSE'
  [host] OMP_NESTED = 'FALSE'
  [host] OMP_NUM_THREADS = '1'
  [host] OMP_SCHEDULE = 'DYNAMIC'
  [host] OMP_PROC_BIND = 'FALSE'
  [host] OMP_PLACES = ''
  [host] OMP_STACKSIZE = '0'
  [host] OMP_WAIT_POLICY = 'PASSIVE'
  [host] OMP_THREAD_LIMIT = '4294967295'
  [host] OMP_MAX_ACTIVE_LEVELS = '1'
  [host] OMP_NUM_TEAMS = '0'
  [host] OMP_TEAMS_THREAD_LIMIT = '0'
  [all] OMP_CANCELLATION = 'FALSE'
  [all] OMP_DEFAULT_DEVICE = '0'
  [all] OMP_MAX_TASK_PRIORITY = '0'
  [all] OMP_DISPLAY_AFFINITY = 'FALSE'
  [host] OMP_AFFINITY_FORMAT = 'level %L thread %i affinity %A'
  [host] OMP_ALLOCATOR = 'omp_default_mem_alloc'
  [all] OMP_TARGET_OFFLOAD = 'DEFAULT'
OPENMP DISPLAY ENVIRONMENT END
Build: 0.1.0 (draft-2026-07-21-emailed-laszlo-eddie-457-gf8c02aaa07cc-dirty)
Building rank-indexed A(20,8)...
Total valid vertices: 5079110400
Visited bitset: 634888800 bytes
Storage: disk-backed (resuming)
R = 97
Candidate g = 96
Subset S connectivity verified.
Resuming checkpoint generation 7.
|S| = 97
|N(S)| = 4368
Validating 96-extra cut properties...
[Direction Optimized: Bottom-Up Scan Active]
Layer   8: bottom-up scan   1.0% | overall   5.6% (282361154 / 5079105935)
Layer   8: bottom-up scan   2.0% | overall   5.6% (282361154 / 5079105935)
Layer   8: bottom-up scan   3.0% | overall   5.6% (282361154 / 5079105935)
Layer   8: bottom-up scan   4.0% | overall   5.6% (282361154 / 5079105935)
Layer   8: bottom-up scan   5.0% | overall   5.6% (282361154 / 5079105935)
Layer   8: bottom-up scan   6.0% | overall   5.6% (282361154 / 5079105935)
Layer   8: bottom-up scan   7.0% | overall   5.6% (282361154 / 5079105935)
Layer   8: bottom-up scan   8.0% | overall   5.6% (282361154 / 5079105935)
Layer   8: bottom-up scan   9.0% | overall   5.6% (282361154 / 5079105935)
Layer   8: bottom-up scan  10.0% | overall   5.6% (282361154 / 5079105935)
Layer   8: bottom-up scan  11.0% | overall   5.6% (282361154 / 5079105935)
Layer   8: bottom-up scan  12.0% | overall   5.6% (282361154 / 5079105935)
Layer   8: bottom-up scan  13.0% | overall   5.6% (282361154 / 5079105935)
Layer   8: bottom-up scan  14.0% | overall   5.6% (282361154 / 5079105935)
Layer   8: bottom-up scan  15.0% | overall   5.6% (282361154 / 5079105935)
Layer   8: bottom-up scan  16.0% | overall   5.6% (282361154 / 5079105935)
Layer   8: bottom-up scan  17.0% | overall   5.6% (282361154 / 5079105935)
Layer   8: bottom-up scan  18.0% | overall   5.6% (282361154 / 5079105935)
Layer   8: bottom-up scan  19.0% | overall   5.6% (282361154 / 5079105935)
Layer   8: bottom-up scan  20.0% | overall   5.6% (282361154 / 5079105935)
Layer   8: bottom-up scan  21.0% | overall   5.6% (282361154 / 5079105935)
Layer   8: bottom-up scan  22.0% | overall   5.6% (282361154 / 5079105935)
Layer   8: bottom-up scan  23.0% | overall   5.6% (282361154 / 5079105935)
Layer   8: bottom-up scan  24.0% | overall   5.6% (282361154 / 5079105935)
Layer   8: bottom-up scan  25.0% | overall   5.6% (282361154 / 5079105935)
Layer   8: bottom-up scan  26.0% | overall   5.6% (282361154 / 5079105935)
Layer   8: bottom-up scan  27.0% | overall   5.6% (282361154 / 5079105935)
Layer   8: bottom-up scan  28.0% | overall   5.6% (282361154 / 5079105935)
Layer   8: bottom-up scan  29.0% | overall   5.6% (282361154 / 5079105935)
Layer   8: bottom-up scan  30.0% | overall   5.6% (282361154 / 5079105935)
Layer   8: bottom-up scan  31.0% | overall   5.6% (282361154 / 5079105935)
Layer   8: bottom-up scan  32.0% | overall   5.6% (282361154 / 5079105935)
Layer   8: bottom-up scan  33.0% | overall   5.6% (282361154 / 5079105935)
Layer   8: bottom-up scan  34.0% | overall   5.6% (282361154 / 5079105935)
Layer   8: bottom-up scan  35.0% | overall   5.6% (282361154 / 5079105935)
Layer   8: bottom-up scan  36.0% | overall   5.6% (282361154 / 5079105935)
Layer   8: bottom-up scan  37.0% | overall   5.6% (282361154 / 5079105935)
Layer   8: bottom-up scan  38.0% | overall   5.6% (282361154 / 5079105935)
Layer   8: bottom-up scan  39.0% | overall   5.6% (282361154 / 5079105935)
Layer   8: bottom-up scan  40.0% | overall   5.6% (282361154 / 5079105935)
Layer   8: bottom-up scan  41.0% | overall   5.6% (282361154 / 5079105935)
Layer   8: bottom-up scan  42.0% | overall   5.6% (282361154 / 5079105935)
Layer   8: bottom-up scan  43.0% | overall   5.6% (282361154 / 5079105935)
Layer   8: bottom-up scan  44.0% | overall   5.6% (282361154 / 5079105935)
Layer   8: bottom-up scan  45.0% | overall   5.6% (282361154 / 5079105935)
Layer   8: bottom-up scan  46.0% | overall   5.6% (282361154 / 5079105935)
Layer   8: bottom-up scan  47.0% | overall   5.6% (282361154 / 5079105935)
Layer   8: bottom-up scan  48.0% | overall   5.6% (282361154 / 5079105935)
Layer   8: bottom-up scan  49.0% | overall   5.6% (282361154 / 5079105935)
Layer   8: bottom-up scan  50.0% | overall   5.6% (282361154 / 5079105935)
Layer   8: bottom-up scan  51.0% | overall   5.6% (282361154 / 5079105935)
Layer   8: bottom-up scan  52.0% | overall   5.6% (282361154 / 5079105935)
Layer   8: bottom-up scan  53.0% | overall   5.6% (282361154 / 5079105935)
Layer   8: bottom-up scan  54.0% | overall   5.6% (282361154 / 5079105935)
Layer   8: bottom-up scan  55.0% | overall   5.6% (282361154 / 5079105935)
Layer   8: bottom-up scan  56.0% | overall   5.6% (282361154 / 5079105935)
Layer   8: bottom-up scan  57.0% | overall   5.6% (282361154 / 5079105935)
Layer   8: bottom-up scan  58.0% | overall   5.6% (282361154 / 5079105935)
Layer   8: bottom-up scan  59.0% | overall   5.6% (282361154 / 5079105935)
Layer   8: bottom-up scan  60.0% | overall   5.6% (282361154 / 5079105935)
Layer   8: bottom-up scan  61.0% | overall   5.6% (282361154 / 5079105935)
Layer   8: bottom-up scan  62.0% | overall   5.6% (282361154 / 5079105935)
Layer   8: bottom-up scan  63.0% | overall   5.6% (282361154 / 5079105935)
Layer   8: bottom-up scan  64.0% | overall   5.6% (282361154 / 5079105935)
Layer   8: bottom-up scan  65.0% | overall   5.6% (282361154 / 5079105935)
Layer   8: bottom-up scan  66.0% | overall   5.6% (282361154 / 5079105935)
Layer   8: bottom-up scan  67.0% | overall   5.6% (282361154 / 5079105935)
Layer   8: bottom-up scan  68.0% | overall   5.6% (282361154 / 5079105935)
Layer   8: bottom-up scan  69.0% | overall   5.6% (282361154 / 5079105935)
Layer   8: bottom-up scan  70.0% | overall   5.6% (282361154 / 5079105935)
Layer   8: bottom-up scan  71.0% | overall   5.6% (282361154 / 5079105935)
Layer   8: bottom-up scan  72.0% | overall   5.6% (282361154 / 5079105935)
Layer   8: bottom-up scan  73.0% | overall   5.6% (282361154 / 5079105935)
Layer   8: bottom-up scan  74.0% | overall   5.6% (282361154 / 5079105935)
Layer   8: bottom-up scan  75.0% | overall   5.6% (282361154 / 5079105935)
Layer   8: bottom-up scan  76.0% | overall   5.6% (282361154 / 5079105935)
Layer   8: bottom-up scan  77.0% | overall   5.6% (282361154 / 5079105935)
Layer   8: bottom-up scan  78.0% | overall   5.6% (282361154 / 5079105935)
Layer   8: bottom-up scan  79.0% | overall   5.6% (282361154 / 5079105935)
Layer   8: bottom-up scan  80.0% | overall   5.6% (282361154 / 5079105935)
Layer   8: bottom-up scan  81.0% | overall   5.6% (282361154 / 5079105935)
Layer   8: bottom-up scan  82.0% | overall   5.6% (282361154 / 5079105935)
Layer   8: bottom-up scan  83.0% | overall   5.6% (282361154 / 5079105935)
Layer   8: bottom-up scan  84.0% | overall   5.6% (282361154 / 5079105935)
Layer   8: bottom-up scan  85.0% | overall   5.6% (282361154 / 5079105935)
Layer   8: bottom-up scan  86.0% | overall   5.6% (282361154 / 5079105935)
Layer   8: bottom-up scan  87.0% | overall   5.6% (282361154 / 5079105935)
Layer   8: bottom-up scan  88.0% | overall   5.6% (282361154 / 5079105935)
Layer   8: bottom-up scan  89.0% | overall   5.6% (282361154 / 5079105935)
Layer   8: bottom-up scan  90.0% | overall   5.6% (282361154 / 5079105935)
Layer   8: bottom-up scan  91.0% | overall   5.6% (282361154 / 5079105935)
Layer   8: bottom-up scan  92.0% | overall   5.6% (282361154 / 5079105935)
Layer   8: bottom-up scan  93.0% | overall   5.6% (282361154 / 5079105935)
Layer   8: bottom-up scan  94.0% | overall   5.6% (282361154 / 5079105935)
Layer   8: bottom-up scan  95.0% | overall   5.6% (282361154 / 5079105935)
Layer   8: bottom-up scan  96.0% | overall   5.6% (282361154 / 5079105935)
Layer   8: bottom-up scan  97.0% | overall   5.6% (282361154 / 5079105935)
Layer   8: bottom-up scan  98.0% | overall   5.6% (282361154 / 5079105935)
Layer   8: bottom-up scan  99.0% | overall   5.6% (282361154 / 5079105935)
Layer   8: bottom-up scan 100.0% | overall   5.6% (282361154 / 5079105935)
Layer   8: bottom-up scan 100.0% | overall   5.6% (282361154 / 5079105935)
BFS progress:   [bottom-up layer   8] 1581669378 / 5079105935 (31.1%)
Layer   9: bottom-up scan   1.0% | overall  31.1% (1581669378 / 5079105935)
Layer   9: bottom-up scan   2.0% | overall  31.1% (1581669378 / 5079105935)
Layer   9: bottom-up scan   3.0% | overall  31.1% (1581669378 / 5079105935)
Layer   9: bottom-up scan   4.0% | overall  31.1% (1581669378 / 5079105935)
Layer   9: bottom-up scan   5.0% | overall  31.1% (1581669378 / 5079105935)
Layer   9: bottom-up scan   6.0% | overall  31.1% (1581669378 / 5079105935)
Layer   9: bottom-up scan   7.0% | overall  31.1% (1581669378 / 5079105935)
Layer   9: bottom-up scan   8.0% | overall  31.1% (1581669378 / 5079105935)
Layer   9: bottom-up scan   9.0% | overall  31.1% (1581669378 / 5079105935)
Layer   9: bottom-up scan  10.0% | overall  31.1% (1581669378 / 5079105935)
Layer   9: bottom-up scan  11.0% | overall  31.1% (1581669378 / 5079105935)
Layer   9: bottom-up scan  12.0% | overall  31.1% (1581669378 / 5079105935)
Layer   9: bottom-up scan  13.0% | overall  31.1% (1581669378 / 5079105935)
Layer   9: bottom-up scan  14.0% | overall  31.1% (1581669378 / 5079105935)
Layer   9: bottom-up scan  15.0% | overall  31.1% (1581669378 / 5079105935)
Layer   9: bottom-up scan  16.0% | overall  31.1% (1581669378 / 5079105935)
Layer   9: bottom-up scan  17.0% | overall  31.1% (1581669378 / 5079105935)
Layer   9: bottom-up scan  18.0% | overall  31.1% (1581669378 / 5079105935)
Layer   9: bottom-up scan  19.0% | overall  31.1% (1581669378 / 5079105935)
Layer   9: bottom-up scan  20.0% | overall  31.1% (1581669378 / 5079105935)
Layer   9: bottom-up scan  21.0% | overall  31.1% (1581669378 / 5079105935)
Layer   9: bottom-up scan  22.0% | overall  31.1% (1581669378 / 5079105935)
Layer   9: bottom-up scan  23.0% | overall  31.1% (1581669378 / 5079105935)
Layer   9: bottom-up scan  24.0% | overall  31.1% (1581669378 / 5079105935)
Layer   9: bottom-up scan  25.0% | overall  31.1% (1581669378 / 5079105935)
Layer   9: bottom-up scan  26.0% | overall  31.1% (1581669378 / 5079105935)
Layer   9: bottom-up scan  27.0% | overall  31.1% (1581669378 / 5079105935)
Layer   9: bottom-up scan  28.0% | overall  31.1% (1581669378 / 5079105935)
Layer   9: bottom-up scan  29.0% | overall  31.1% (1581669378 / 5079105935)
Layer   9: bottom-up scan  30.0% | overall  31.1% (1581669378 / 5079105935)
Layer   9: bottom-up scan  31.0% | overall  31.1% (1581669378 / 5079105935)
Layer   9: bottom-up scan  32.0% | overall  31.1% (1581669378 / 5079105935)
Layer   9: bottom-up scan  33.0% | overall  31.1% (1581669378 / 5079105935)
Layer   9: bottom-up scan  34.0% | overall  31.1% (1581669378 / 5079105935)
Layer   9: bottom-up scan  35.0% | overall  31.1% (1581669378 / 5079105935)
Layer   9: bottom-up scan  36.0% | overall  31.1% (1581669378 / 5079105935)
Layer   9: bottom-up scan  37.0% | overall  31.1% (1581669378 / 5079105935)
Layer   9: bottom-up scan  38.0% | overall  31.1% (1581669378 / 5079105935)
Layer   9: bottom-up scan  39.0% | overall  31.1% (1581669378 / 5079105935)
Layer   9: bottom-up scan  40.0% | overall  31.1% (1581669378 / 5079105935)
Layer   9: bottom-up scan  41.0% | overall  31.1% (1581669378 / 5079105935)
Layer   9: bottom-up scan  42.0% | overall  31.1% (1581669378 / 5079105935)
Layer   9: bottom-up scan  43.0% | overall  31.1% (1581669378 / 5079105935)
Layer   9: bottom-up scan  44.0% | overall  31.1% (1581669378 / 5079105935)
Layer   9: bottom-up scan  45.0% | overall  31.1% (1581669378 / 5079105935)
Layer   9: bottom-up scan  46.0% | overall  31.1% (1581669378 / 5079105935)
Layer   9: bottom-up scan  47.0% | overall  31.1% (1581669378 / 5079105935)
Layer   9: bottom-up scan  48.0% | overall  31.1% (1581669378 / 5079105935)
Layer   9: bottom-up scan  49.0% | overall  31.1% (1581669378 / 5079105935)
Layer   9: bottom-up scan  50.0% | overall  31.1% (1581669378 / 5079105935)
Layer   9: bottom-up scan  51.0% | overall  31.1% (1581669378 / 5079105935)
Layer   9: bottom-up scan  52.0% | overall  31.1% (1581669378 / 5079105935)
Layer   9: bottom-up scan  53.0% | overall  31.1% (1581669378 / 5079105935)
Layer   9: bottom-up scan  54.0% | overall  31.1% (1581669378 / 5079105935)
Layer   9: bottom-up scan  55.0% | overall  31.1% (1581669378 / 5079105935)
Layer   9: bottom-up scan  56.0% | overall  31.1% (1581669378 / 5079105935)
Layer   9: bottom-up scan  57.0% | overall  31.1% (1581669378 / 5079105935)
Layer   9: bottom-up scan  58.0% | overall  31.1% (1581669378 / 5079105935)
Layer   9: bottom-up scan  59.0% | overall  31.1% (1581669378 / 5079105935)
Layer   9: bottom-up scan  60.0% | overall  31.1% (1581669378 / 5079105935)
Layer   9: bottom-up scan  61.0% | overall  31.1% (1581669378 / 5079105935)
Layer   9: bottom-up scan  62.0% | overall  31.1% (1581669378 / 5079105935)
Layer   9: bottom-up scan  63.0% | overall  31.1% (1581669378 / 5079105935)
Layer   9: bottom-up scan  64.0% | overall  31.1% (1581669378 / 5079105935)
Layer   9: bottom-up scan  65.0% | overall  31.1% (1581669378 / 5079105935)
Layer   9: bottom-up scan  66.0% | overall  31.1% (1581669378 / 5079105935)
Layer   9: bottom-up scan  67.0% | overall  31.1% (1581669378 / 5079105935)
Layer   9: bottom-up scan  68.0% | overall  31.1% (1581669378 / 5079105935)
Layer   9: bottom-up scan  69.0% | overall  31.1% (1581669378 / 5079105935)
Layer   9: bottom-up scan  70.0% | overall  31.1% (1581669378 / 5079105935)
Layer   9: bottom-up scan  71.0% | overall  31.1% (1581669378 / 5079105935)
Layer   9: bottom-up scan  72.0% | overall  31.1% (1581669378 / 5079105935)
Layer   9: bottom-up scan  73.0% | overall  31.1% (1581669378 / 5079105935)
Layer   9: bottom-up scan  74.0% | overall  31.1% (1581669378 / 5079105935)
Layer   9: bottom-up scan  75.0% | overall  31.1% (1581669378 / 5079105935)
Layer   9: bottom-up scan  76.0% | overall  31.1% (1581669378 / 5079105935)
Layer   9: bottom-up scan  77.0% | overall  31.1% (1581669378 / 5079105935)
Layer   9: bottom-up scan  78.0% | overall  31.1% (1581669378 / 5079105935)
Layer   9: bottom-up scan  79.0% | overall  31.1% (1581669378 / 5079105935)
Layer   9: bottom-up scan  80.0% | overall  31.1% (1581669378 / 5079105935)
Layer   9: bottom-up scan  81.0% | overall  31.1% (1581669378 / 5079105935)
Layer   9: bottom-up scan  82.0% | overall  31.1% (1581669378 / 5079105935)
Layer   9: bottom-up scan  83.0% | overall  31.1% (1581669378 / 5079105935)
Layer   9: bottom-up scan  84.0% | overall  31.1% (1581669378 / 5079105935)
Layer   9: bottom-up scan  85.0% | overall  31.1% (1581669378 / 5079105935)
Layer   9: bottom-up scan  86.0% | overall  31.1% (1581669378 / 5079105935)
Layer   9: bottom-up scan  87.0% | overall  31.1% (1581669378 / 5079105935)
Layer   9: bottom-up scan  88.0% | overall  31.1% (1581669378 / 5079105935)
Layer   9: bottom-up scan  89.0% | overall  31.1% (1581669378 / 5079105935)
Layer   9: bottom-up scan  90.0% | overall  31.1% (1581669378 / 5079105935)
Layer   9: bottom-up scan  91.0% | overall  31.1% (1581669378 / 5079105935)
Layer   9: bottom-up scan  92.0% | overall  31.1% (1581669378 / 5079105935)
Layer   9: bottom-up scan  93.0% | overall  31.1% (1581669378 / 5079105935)
Layer   9: bottom-up scan  94.0% | overall  31.1% (1581669378 / 5079105935)
Layer   9: bottom-up scan  95.0% | overall  31.1% (1581669378 / 5079105935)
Layer   9: bottom-up scan  96.0% | overall  31.1% (1581669378 / 5079105935)
Layer   9: bottom-up scan  97.0% | overall  31.1% (1581669378 / 5079105935)
Layer   9: bottom-up scan  98.0% | overall  31.1% (1581669378 / 5079105935)
Layer   9: bottom-up scan  99.0% | overall  31.1% (1581669378 / 5079105935)
Layer   9: bottom-up scan 100.0% | overall  31.1% (1581669378 / 5079105935)
Layer   9: bottom-up scan 100.0% | overall  31.1% (1581669378 / 5079105935)
BFS progress:   [bottom-up layer   9] 4740070090 / 5079105935 (93.3%)
Layer  10: bottom-up scan   1.0% | overall  93.3% (4740070090 / 5079105935)
Layer  10: bottom-up scan   2.0% | overall  93.3% (4740070090 / 5079105935)
Layer  10: bottom-up scan   3.0% | overall  93.3% (4740070090 / 5079105935)
Layer  10: bottom-up scan   4.0% | overall  93.3% (4740070090 / 5079105935)
Layer  10: bottom-up scan   5.0% | overall  93.3% (4740070090 / 5079105935)
Layer  10: bottom-up scan   6.0% | overall  93.3% (4740070090 / 5079105935)
Layer  10: bottom-up scan   7.0% | overall  93.3% (4740070090 / 5079105935)
Layer  10: bottom-up scan   8.0% | overall  93.3% (4740070090 / 5079105935)
Layer  10: bottom-up scan   9.0% | overall  93.3% (4740070090 / 5079105935)
Layer  10: bottom-up scan  10.0% | overall  93.3% (4740070090 / 5079105935)
Layer  10: bottom-up scan  11.0% | overall  93.3% (4740070090 / 5079105935)
Layer  10: bottom-up scan  12.0% | overall  93.3% (4740070090 / 5079105935)
Layer  10: bottom-up scan  13.0% | overall  93.3% (4740070090 / 5079105935)
Layer  10: bottom-up scan  14.0% | overall  93.3% (4740070090 / 5079105935)
Layer  10: bottom-up scan  15.0% | overall  93.3% (4740070090 / 5079105935)
Layer  10: bottom-up scan  16.0% | overall  93.3% (4740070090 / 5079105935)
Layer  10: bottom-up scan  17.0% | overall  93.3% (4740070090 / 5079105935)
Layer  10: bottom-up scan  18.0% | overall  93.3% (4740070090 / 5079105935)
Layer  10: bottom-up scan  19.0% | overall  93.3% (4740070090 / 5079105935)
Layer  10: bottom-up scan  20.0% | overall  93.3% (4740070090 / 5079105935)
Layer  10: bottom-up scan  21.0% | overall  93.3% (4740070090 / 5079105935)
Layer  10: bottom-up scan  22.0% | overall  93.3% (4740070090 / 5079105935)
Layer  10: bottom-up scan  23.0% | overall  93.3% (4740070090 / 5079105935)
Layer  10: bottom-up scan  24.0% | overall  93.3% (4740070090 / 5079105935)
Layer  10: bottom-up scan  25.0% | overall  93.3% (4740070090 / 5079105935)
Layer  10: bottom-up scan  26.0% | overall  93.3% (4740070090 / 5079105935)
Layer  10: bottom-up scan  27.0% | overall  93.3% (4740070090 / 5079105935)
Layer  10: bottom-up scan  28.0% | overall  93.3% (4740070090 / 5079105935)
Layer  10: bottom-up scan  29.0% | overall  93.3% (4740070090 / 5079105935)
Layer  10: bottom-up scan  30.0% | overall  93.3% (4740070090 / 5079105935)
Layer  10: bottom-up scan  31.0% | overall  93.3% (4740070090 / 5079105935)
Layer  10: bottom-up scan  32.0% | overall  93.3% (4740070090 / 5079105935)
Layer  10: bottom-up scan  33.0% | overall  93.3% (4740070090 / 5079105935)
Layer  10: bottom-up scan  34.0% | overall  93.3% (4740070090 / 5079105935)
Layer  10: bottom-up scan  35.0% | overall  93.3% (4740070090 / 5079105935)
Layer  10: bottom-up scan  36.0% | overall  93.3% (4740070090 / 5079105935)
Layer  10: bottom-up scan  37.0% | overall  93.3% (4740070090 / 5079105935)
Layer  10: bottom-up scan  38.0% | overall  93.3% (4740070090 / 5079105935)
Layer  10: bottom-up scan  39.0% | overall  93.3% (4740070090 / 5079105935)
Layer  10: bottom-up scan  40.0% | overall  93.3% (4740070090 / 5079105935)
Layer  10: bottom-up scan  41.0% | overall  93.3% (4740070090 / 5079105935)
Layer  10: bottom-up scan  42.0% | overall  93.3% (4740070090 / 5079105935)
Layer  10: bottom-up scan  43.0% | overall  93.3% (4740070090 / 5079105935)
Layer  10: bottom-up scan  44.0% | overall  93.3% (4740070090 / 5079105935)
Layer  10: bottom-up scan  45.0% | overall  93.3% (4740070090 / 5079105935)
Layer  10: bottom-up scan  46.0% | overall  93.3% (4740070090 / 5079105935)
Layer  10: bottom-up scan  47.0% | overall  93.3% (4740070090 / 5079105935)
Layer  10: bottom-up scan  48.0% | overall  93.3% (4740070090 / 5079105935)
Layer  10: bottom-up scan  49.0% | overall  93.3% (4740070090 / 5079105935)
Layer  10: bottom-up scan  50.0% | overall  93.3% (4740070090 / 5079105935)
Layer  10: bottom-up scan  51.0% | overall  93.3% (4740070090 / 5079105935)
Layer  10: bottom-up scan  52.0% | overall  93.3% (4740070090 / 5079105935)
Layer  10: bottom-up scan  53.0% | overall  93.3% (4740070090 / 5079105935)
Layer  10: bottom-up scan  54.0% | overall  93.3% (4740070090 / 5079105935)
Layer  10: bottom-up scan  55.0% | overall  93.3% (4740070090 / 5079105935)
Layer  10: bottom-up scan  56.0% | overall  93.3% (4740070090 / 5079105935)
Layer  10: bottom-up scan  57.0% | overall  93.3% (4740070090 / 5079105935)
Layer  10: bottom-up scan  58.0% | overall  93.3% (4740070090 / 5079105935)
Layer  10: bottom-up scan  59.0% | overall  93.3% (4740070090 / 5079105935)
Layer  10: bottom-up scan  60.0% | overall  93.3% (4740070090 / 5079105935)
Layer  10: bottom-up scan  61.0% | overall  93.3% (4740070090 / 5079105935)
Layer  10: bottom-up scan  62.0% | overall  93.3% (4740070090 / 5079105935)
Layer  10: bottom-up scan  63.0% | overall  93.3% (4740070090 / 5079105935)
Layer  10: bottom-up scan  64.0% | overall  93.3% (4740070090 / 5079105935)
Layer  10: bottom-up scan  65.0% | overall  93.3% (4740070090 / 5079105935)
Layer  10: bottom-up scan  66.0% | overall  93.3% (4740070090 / 5079105935)
Layer  10: bottom-up scan  67.0% | overall  93.3% (4740070090 / 5079105935)
Layer  10: bottom-up scan  68.0% | overall  93.3% (4740070090 / 5079105935)
Layer  10: bottom-up scan  69.0% | overall  93.3% (4740070090 / 5079105935)
Layer  10: bottom-up scan  70.0% | overall  93.3% (4740070090 / 5079105935)
Layer  10: bottom-up scan  71.0% | overall  93.3% (4740070090 / 5079105935)
Layer  10: bottom-up scan  72.0% | overall  93.3% (4740070090 / 5079105935)
Layer  10: bottom-up scan  73.0% | overall  93.3% (4740070090 / 5079105935)
Layer  10: bottom-up scan  74.0% | overall  93.3% (4740070090 / 5079105935)
Layer  10: bottom-up scan  75.0% | overall  93.3% (4740070090 / 5079105935)
Layer  10: bottom-up scan  76.0% | overall  93.3% (4740070090 / 5079105935)
Layer  10: bottom-up scan  77.0% | overall  93.3% (4740070090 / 5079105935)
Layer  10: bottom-up scan  78.0% | overall  93.3% (4740070090 / 5079105935)
Layer  10: bottom-up scan  79.0% | overall  93.3% (4740070090 / 5079105935)
Layer  10: bottom-up scan  80.0% | overall  93.3% (4740070090 / 5079105935)
Layer  10: bottom-up scan  81.0% | overall  93.3% (4740070090 / 5079105935)
Layer  10: bottom-up scan  82.0% | overall  93.3% (4740070090 / 5079105935)
Layer  10: bottom-up scan  83.0% | overall  93.3% (4740070090 / 5079105935)
Layer  10: bottom-up scan  84.0% | overall  93.3% (4740070090 / 5079105935)
Layer  10: bottom-up scan  85.0% | overall  93.3% (4740070090 / 5079105935)
Layer  10: bottom-up scan  86.0% | overall  93.3% (4740070090 / 5079105935)
Layer  10: bottom-up scan  87.0% | overall  93.3% (4740070090 / 5079105935)
Layer  10: bottom-up scan  88.0% | overall  93.3% (4740070090 / 5079105935)
Layer  10: bottom-up scan  89.0% | overall  93.3% (4740070090 / 5079105935)
Layer  10: bottom-up scan  90.0% | overall  93.3% (4740070090 / 5079105935)
Layer  10: bottom-up scan  91.0% | overall  93.3% (4740070090 / 5079105935)
Layer  10: bottom-up scan  92.0% | overall  93.3% (4740070090 / 5079105935)
Layer  10: bottom-up scan  93.0% | overall  93.3% (4740070090 / 5079105935)
Layer  10: bottom-up scan  94.0% | overall  93.3% (4740070090 / 5079105935)
Layer  10: bottom-up scan  95.0% | overall  93.3% (4740070090 / 5079105935)
Layer  10: bottom-up scan  96.0% | overall  93.3% (4740070090 / 5079105935)
Layer  10: bottom-up scan  97.0% | overall  93.3% (4740070090 / 5079105935)
Layer  10: bottom-up scan  98.0% | overall  93.3% (4740070090 / 5079105935)
Layer  10: bottom-up scan  99.0% | overall  93.3% (4740070090 / 5079105935)
Layer  10: bottom-up scan 100.0% | overall  93.3% (4740070090 / 5079105935)
Layer  10: bottom-up scan 100.0% | overall  93.3% (4740070090 / 5079105935)
BFS progress:   [bottom-up layer  10] 5069016478 / 5079105935 (99.8%)
Layer  11: frontier 10001292
Layer  11: top-down blocks   1.0% | overall  99.8% (5069016478 / 5079105935)
Layer  11: top-down blocks   2.0% | overall  99.8% (5069016478 / 5079105935)
Layer  11: top-down blocks   3.0% | overall  99.8% (5069016478 / 5079105935)
Layer  11: top-down blocks   4.0% | overall  99.8% (5069016478 / 5079105935)
Layer  11: top-down blocks   5.0% | overall  99.8% (5069016478 / 5079105935)
Layer  11: top-down blocks   6.0% | overall  99.8% (5069016478 / 5079105935)
Layer  11: top-down blocks   7.0% | overall  99.8% (5069016478 / 5079105935)
Layer  11: top-down blocks   8.0% | overall  99.8% (5069016478 / 5079105935)
Layer  11: top-down blocks   9.0% | overall  99.8% (5069016478 / 5079105935)
Layer  11: top-down blocks  10.0% | overall  99.8% (5069016478 / 5079105935)
Layer  11: top-down blocks  11.0% | overall  99.8% (5069016478 / 5079105935)
Layer  11: top-down blocks  12.0% | overall  99.8% (5069016478 / 5079105935)
Layer  11: top-down blocks  13.0% | overall  99.8% (5069016478 / 5079105935)
Layer  11: top-down blocks  14.0% | overall  99.8% (5069016478 / 5079105935)
Layer  11: top-down blocks  15.0% | overall  99.8% (5069016478 / 5079105935)
Layer  11: top-down blocks  16.0% | overall  99.8% (5069016478 / 5079105935)
Layer  11: top-down blocks  17.0% | overall  99.8% (5069016478 / 5079105935)
Layer  11: top-down blocks  18.0% | overall  99.8% (5069016478 / 5079105935)
Layer  11: top-down blocks  19.0% | overall  99.8% (5069016478 / 5079105935)
Layer  11: top-down blocks  20.0% | overall  99.8% (5069016478 / 5079105935)
Layer  11: top-down blocks  21.0% | overall  99.8% (5069016478 / 5079105935)
Layer  11: top-down blocks  22.0% | overall  99.8% (5069016478 / 5079105935)
Layer  11: top-down blocks  23.0% | overall  99.8% (5069016478 / 5079105935)
Layer  11: top-down blocks  24.0% | overall  99.8% (5069016478 / 5079105935)
Layer  11: top-down blocks  25.0% | overall  99.8% (5069016478 / 5079105935)
Layer  11: top-down blocks  26.0% | overall  99.8% (5069016478 / 5079105935)
Layer  11: top-down blocks  27.0% | overall  99.8% (5069016478 / 5079105935)
Layer  11: top-down blocks  28.0% | overall  99.8% (5069016478 / 5079105935)
Layer  11: top-down blocks  29.0% | overall  99.8% (5069016478 / 5079105935)
Layer  11: top-down blocks  30.0% | overall  99.8% (5069016478 / 5079105935)
Layer  11: top-down blocks  31.0% | overall  99.8% (5069016478 / 5079105935)
Layer  11: top-down blocks  32.0% | overall  99.8% (5069016478 / 5079105935)
Layer  11: top-down blocks  33.0% | overall  99.8% (5069016478 / 5079105935)
Layer  11: top-down blocks  34.0% | overall  99.8% (5069016478 / 5079105935)
Layer  11: top-down blocks  35.0% | overall  99.8% (5069016478 / 5079105935)
Layer  11: top-down blocks  36.0% | overall  99.8% (5069016478 / 5079105935)
Layer  11: top-down blocks  37.0% | overall  99.8% (5069016478 / 5079105935)
Layer  11: top-down blocks  38.0% | overall  99.8% (5069016478 / 5079105935)
Layer  11: top-down blocks  39.0% | overall  99.8% (5069016478 / 5079105935)
Layer  11: top-down blocks  40.0% | overall  99.8% (5069016478 / 5079105935)
Layer  11: top-down blocks  41.0% | overall  99.8% (5069016478 / 5079105935)
Layer  11: top-down blocks  42.0% | overall  99.8% (5069016478 / 5079105935)
Layer  11: top-down blocks  43.0% | overall  99.8% (5069016478 / 5079105935)
Layer  11: top-down blocks  44.0% | overall  99.8% (5069016478 / 5079105935)
Layer  11: top-down blocks  45.0% | overall  99.8% (5069016478 / 5079105935)
Layer  11: top-down blocks  46.0% | overall  99.8% (5069016478 / 5079105935)
Layer  11: top-down blocks  47.0% | overall  99.8% (5069016478 / 5079105935)
Layer  11: top-down blocks  48.0% | overall  99.8% (5069016478 / 5079105935)
Layer  11: top-down blocks  49.0% | overall  99.8% (5069016478 / 5079105935)
Layer  11: top-down blocks  50.0% | overall  99.8% (5069016478 / 5079105935)
Layer  11: top-down blocks  51.0% | overall  99.8% (5069016478 / 5079105935)
Layer  11: top-down blocks  52.0% | overall  99.8% (5069016478 / 5079105935)
Layer  11: top-down blocks  53.0% | overall  99.8% (5069016478 / 5079105935)
Layer  11: top-down blocks  54.0% | overall  99.8% (5069016478 / 5079105935)
Layer  11: top-down blocks  55.0% | overall  99.8% (5069016478 / 5079105935)
Layer  11: top-down blocks  56.0% | overall  99.8% (5069016478 / 5079105935)
Layer  11: top-down blocks  57.0% | overall  99.8% (5069016478 / 5079105935)
Layer  11: top-down blocks  58.0% | overall  99.8% (5069016478 / 5079105935)
Layer  11: top-down blocks  59.0% | overall  99.8% (5069016478 / 5079105935)
Layer  11: top-down blocks  60.0% | overall  99.8% (5069016478 / 5079105935)
Layer  11: top-down blocks  61.0% | overall  99.8% (5069016478 / 5079105935)
Layer  11: top-down blocks  62.0% | overall  99.8% (5069016478 / 5079105935)
Layer  11: top-down blocks  63.0% | overall  99.8% (5069016478 / 5079105935)
Layer  11: top-down blocks  64.0% | overall  99.8% (5069016478 / 5079105935)
Layer  11: top-down blocks  65.0% | overall  99.8% (5069016478 / 5079105935)
Layer  11: top-down blocks  66.0% | overall  99.8% (5069016478 / 5079105935)
Layer  11: top-down blocks  67.0% | overall  99.8% (5069016478 / 5079105935)
Layer  11: top-down blocks  68.0% | overall  99.8% (5069016478 / 5079105935)
Layer  11: top-down blocks  69.0% | overall  99.8% (5069016478 / 5079105935)
Layer  11: top-down blocks  70.0% | overall  99.8% (5069016478 / 5079105935)
Layer  11: top-down blocks  71.0% | overall  99.8% (5069016478 / 5079105935)
Layer  11: top-down blocks  72.0% | overall  99.8% (5069016478 / 5079105935)
Layer  11: top-down blocks  73.0% | overall  99.8% (5069016478 / 5079105935)
Layer  11: top-down blocks  74.0% | overall  99.8% (5069016478 / 5079105935)
Layer  11: top-down blocks  75.0% | overall  99.8% (5069016478 / 5079105935)
Layer  11: top-down blocks  76.0% | overall  99.8% (5069016478 / 5079105935)
Layer  11: top-down blocks  77.0% | overall  99.8% (5069016478 / 5079105935)
Layer  11: top-down blocks  78.0% | overall  99.8% (5069016478 / 5079105935)
Layer  11: top-down blocks  79.0% | overall  99.8% (5069016478 / 5079105935)
Layer  11: top-down blocks  80.0% | overall  99.8% (5069016478 / 5079105935)
Layer  11: top-down blocks  81.0% | overall  99.8% (5069016478 / 5079105935)
Layer  11: top-down blocks  82.0% | overall  99.8% (5069016478 / 5079105935)
Layer  11: top-down blocks  83.0% | overall  99.8% (5069016478 / 5079105935)
Layer  11: top-down blocks  84.0% | overall  99.8% (5069016478 / 5079105935)
Layer  11: top-down blocks  85.0% | overall  99.8% (5069016478 / 5079105935)
Layer  11: top-down blocks  86.0% | overall  99.8% (5069016478 / 5079105935)
Layer  11: top-down blocks  87.0% | overall  99.8% (5069016478 / 5079105935)
Layer  11: top-down blocks  88.0% | overall  99.8% (5069016478 / 5079105935)
Layer  11: top-down blocks  89.0% | overall  99.8% (5069016478 / 5079105935)
Layer  11: top-down blocks  90.0% | overall  99.8% (5069016478 / 5079105935)
Layer  11: top-down blocks  91.0% | overall  99.8% (5069016478 / 5079105935)
Layer  11: top-down blocks  92.0% | overall  99.8% (5069016478 / 5079105935)
Layer  11: top-down blocks  93.0% | overall  99.8% (5069016478 / 5079105935)
Layer  11: top-down blocks  94.0% | overall  99.8% (5069016478 / 5079105935)
Layer  11: top-down blocks  95.0% | overall  99.8% (5069016478 / 5079105935)
Layer  11: top-down blocks  96.0% | overall  99.8% (5069016478 / 5079105935)
Layer  11: top-down blocks  97.0% | overall  99.8% (5069016478 / 5079105935)
Layer  11: top-down blocks  98.0% | overall  99.8% (5069016478 / 5079105935)
Layer  11: top-down blocks  99.0% | overall  99.8% (5069016478 / 5079105935)
Layer  11: top-down blocks 100.0% | overall  99.8% (5069016478 / 5079105935)
Layer  11: top-down blocks 100.0% | overall  99.8% (5069016478 / 5079105935)
Layer  11: top-down blocks 100.0% | overall  99.8% (5069016478 / 5079105935)
BFS progress:   [top-down layer  11] 5079017770 / 5079105935 (100.0%)
Layer  12: frontier 88060
Layer  12: top-down blocks   1.0% | overall 100.0% (5079017770 / 5079105935)
Layer  12: top-down blocks   2.0% | overall 100.0% (5079017770 / 5079105935)
Layer  12: top-down blocks   3.0% | overall 100.0% (5079017770 / 5079105935)
Layer  12: top-down blocks   4.0% | overall 100.0% (5079017770 / 5079105935)
Layer  12: top-down blocks   5.0% | overall 100.0% (5079017770 / 5079105935)
Layer  12: top-down blocks   6.0% | overall 100.0% (5079017770 / 5079105935)
Layer  12: top-down blocks   7.0% | overall 100.0% (5079017770 / 5079105935)
Layer  12: top-down blocks   8.0% | overall 100.0% (5079017770 / 5079105935)
Layer  12: top-down blocks   9.0% | overall 100.0% (5079017770 / 5079105935)
Layer  12: top-down blocks  10.0% | overall 100.0% (5079017770 / 5079105935)
Layer  12: top-down blocks  11.0% | overall 100.0% (5079017770 / 5079105935)
Layer  12: top-down blocks  12.0% | overall 100.0% (5079017770 / 5079105935)
Layer  12: top-down blocks  13.0% | overall 100.0% (5079017770 / 5079105935)
Layer  12: top-down blocks  14.0% | overall 100.0% (5079017770 / 5079105935)
Layer  12: top-down blocks  15.0% | overall 100.0% (5079017770 / 5079105935)
Layer  12: top-down blocks  16.0% | overall 100.0% (5079017770 / 5079105935)
Layer  12: top-down blocks  17.0% | overall 100.0% (5079017770 / 5079105935)
Layer  12: top-down blocks  18.0% | overall 100.0% (5079017770 / 5079105935)
Layer  12: top-down blocks  19.0% | overall 100.0% (5079017770 / 5079105935)
Layer  12: top-down blocks  20.0% | overall 100.0% (5079017770 / 5079105935)
Layer  12: top-down blocks  21.0% | overall 100.0% (5079017770 / 5079105935)
Layer  12: top-down blocks  22.0% | overall 100.0% (5079017770 / 5079105935)
Layer  12: top-down blocks  23.0% | overall 100.0% (5079017770 / 5079105935)
Layer  12: top-down blocks  24.0% | overall 100.0% (5079017770 / 5079105935)
Layer  12: top-down blocks  25.0% | overall 100.0% (5079017770 / 5079105935)
Layer  12: top-down blocks  26.0% | overall 100.0% (5079017770 / 5079105935)
Layer  12: top-down blocks  27.0% | overall 100.0% (5079017770 / 5079105935)
Layer  12: top-down blocks  28.0% | overall 100.0% (5079017770 / 5079105935)
Layer  12: top-down blocks  29.0% | overall 100.0% (5079017770 / 5079105935)
Layer  12: top-down blocks  30.0% | overall 100.0% (5079017770 / 5079105935)
Layer  12: top-down blocks  31.0% | overall 100.0% (5079017770 / 5079105935)
Layer  12: top-down blocks  32.0% | overall 100.0% (5079017770 / 5079105935)
Layer  12: top-down blocks  33.0% | overall 100.0% (5079017770 / 5079105935)
Layer  12: top-down blocks  34.0% | overall 100.0% (5079017770 / 5079105935)
Layer  12: top-down blocks  35.0% | overall 100.0% (5079017770 / 5079105935)
Layer  12: top-down blocks  36.0% | overall 100.0% (5079017770 / 5079105935)
Layer  12: top-down blocks  37.0% | overall 100.0% (5079017770 / 5079105935)
Layer  12: top-down blocks  38.0% | overall 100.0% (5079017770 / 5079105935)
Layer  12: top-down blocks  39.0% | overall 100.0% (5079017770 / 5079105935)
Layer  12: top-down blocks  40.0% | overall 100.0% (5079017770 / 5079105935)
Layer  12: top-down blocks  41.0% | overall 100.0% (5079017770 / 5079105935)
Layer  12: top-down blocks  42.0% | overall 100.0% (5079017770 / 5079105935)
Layer  12: top-down blocks  43.0% | overall 100.0% (5079017770 / 5079105935)
Layer  12: top-down blocks  44.0% | overall 100.0% (5079017770 / 5079105935)
Layer  12: top-down blocks  45.0% | overall 100.0% (5079017770 / 5079105935)
Layer  12: top-down blocks  46.0% | overall 100.0% (5079017770 / 5079105935)
Layer  12: top-down blocks  47.0% | overall 100.0% (5079017770 / 5079105935)
Layer  12: top-down blocks  48.0% | overall 100.0% (5079017770 / 5079105935)
Layer  12: top-down blocks  49.0% | overall 100.0% (5079017770 / 5079105935)
Layer  12: top-down blocks  50.0% | overall 100.0% (5079017770 / 5079105935)
Layer  12: top-down blocks  51.0% | overall 100.0% (5079017770 / 5079105935)
Layer  12: top-down blocks  52.0% | overall 100.0% (5079017770 / 5079105935)
Layer  12: top-down blocks  53.0% | overall 100.0% (5079017770 / 5079105935)
Layer  12: top-down blocks  54.0% | overall 100.0% (5079017770 / 5079105935)
Layer  12: top-down blocks  55.0% | overall 100.0% (5079017770 / 5079105935)
Layer  12: top-down blocks  56.0% | overall 100.0% (5079017770 / 5079105935)
Layer  12: top-down blocks  57.0% | overall 100.0% (5079017770 / 5079105935)
Layer  12: top-down blocks  58.0% | overall 100.0% (5079017770 / 5079105935)
Layer  12: top-down blocks  59.0% | overall 100.0% (5079017770 / 5079105935)
Layer  12: top-down blocks  60.0% | overall 100.0% (5079017770 / 5079105935)
Layer  12: top-down blocks  61.0% | overall 100.0% (5079017770 / 5079105935)
Layer  12: top-down blocks  62.0% | overall 100.0% (5079017770 / 5079105935)
Layer  12: top-down blocks  63.0% | overall 100.0% (5079017770 / 5079105935)
Layer  12: top-down blocks  64.0% | overall 100.0% (5079017770 / 5079105935)
Layer  12: top-down blocks  65.0% | overall 100.0% (5079017770 / 5079105935)
Layer  12: top-down blocks  66.0% | overall 100.0% (5079017770 / 5079105935)
Layer  12: top-down blocks  67.0% | overall 100.0% (5079017770 / 5079105935)
Layer  12: top-down blocks  68.0% | overall 100.0% (5079017770 / 5079105935)
Layer  12: top-down blocks  69.0% | overall 100.0% (5079017770 / 5079105935)
Layer  12: top-down blocks  70.0% | overall 100.0% (5079017770 / 5079105935)
Layer  12: top-down blocks  71.0% | overall 100.0% (5079017770 / 5079105935)
Layer  12: top-down blocks  72.0% | overall 100.0% (5079017770 / 5079105935)
Layer  12: top-down blocks  73.0% | overall 100.0% (5079017770 / 5079105935)
Layer  12: top-down blocks  74.0% | overall 100.0% (5079017770 / 5079105935)
Layer  12: top-down blocks  75.0% | overall 100.0% (5079017770 / 5079105935)
Layer  12: top-down blocks  76.0% | overall 100.0% (5079017770 / 5079105935)
Layer  12: top-down blocks  77.0% | overall 100.0% (5079017770 / 5079105935)
Layer  12: top-down blocks  78.0% | overall 100.0% (5079017770 / 5079105935)
Layer  12: top-down blocks  79.0% | overall 100.0% (5079017770 / 5079105935)
Layer  12: top-down blocks  80.0% | overall 100.0% (5079017770 / 5079105935)
Layer  12: top-down blocks  81.0% | overall 100.0% (5079017770 / 5079105935)
Layer  12: top-down blocks  82.0% | overall 100.0% (5079017770 / 5079105935)
Layer  12: top-down blocks  83.0% | overall 100.0% (5079017770 / 5079105935)
Layer  12: top-down blocks  84.0% | overall 100.0% (5079017770 / 5079105935)
Layer  12: top-down blocks  85.0% | overall 100.0% (5079017770 / 5079105935)
Layer  12: top-down blocks  86.0% | overall 100.0% (5079017770 / 5079105935)
Layer  12: top-down blocks  87.0% | overall 100.0% (5079017770 / 5079105935)
Layer  12: top-down blocks  88.0% | overall 100.0% (5079017770 / 5079105935)
Layer  12: top-down blocks  89.0% | overall 100.0% (5079017770 / 5079105935)
Layer  12: top-down blocks  90.0% | overall 100.0% (5079017770 / 5079105935)
Layer  12: top-down blocks  91.0% | overall 100.0% (5079017770 / 5079105935)
Layer  12: top-down blocks  92.0% | overall 100.0% (5079017770 / 5079105935)
Layer  12: top-down blocks  93.0% | overall 100.0% (5079017770 / 5079105935)
Layer  12: top-down blocks  94.0% | overall 100.0% (5079017770 / 5079105935)
Layer  12: top-down blocks  95.0% | overall 100.0% (5079017770 / 5079105935)
Layer  12: top-down blocks  96.0% | overall 100.0% (5079017770 / 5079105935)
Layer  12: top-down blocks  97.0% | overall 100.0% (5079017770 / 5079105935)
Layer  12: top-down blocks  98.0% | overall 100.0% (5079017770 / 5079105935)
Layer  12: top-down blocks  99.0% | overall 100.0% (5079017770 / 5079105935)
Layer  12: top-down blocks 100.0% | overall 100.0% (5079017770 / 5079105935)
Layer  12: top-down blocks 100.0% | overall 100.0% (5079017770 / 5079105935)
Layer  12: top-down blocks 100.0% | overall 100.0% (5079017770 / 5079105935)
Layer  13: frontier 105
Layer  13: top-down blocks   1.0% | overall 100.0% (5079105830 / 5079105935)
Layer  13: top-down blocks   2.0% | overall 100.0% (5079105830 / 5079105935)
Layer  13: top-down blocks   3.0% | overall 100.0% (5079105830 / 5079105935)
Layer  13: top-down blocks   4.0% | overall 100.0% (5079105830 / 5079105935)
Layer  13: top-down blocks   5.0% | overall 100.0% (5079105830 / 5079105935)
Layer  13: top-down blocks   6.0% | overall 100.0% (5079105830 / 5079105935)
Layer  13: top-down blocks   7.0% | overall 100.0% (5079105830 / 5079105935)
Layer  13: top-down blocks   8.0% | overall 100.0% (5079105830 / 5079105935)
Layer  13: top-down blocks   9.0% | overall 100.0% (5079105830 / 5079105935)
Layer  13: top-down blocks  10.0% | overall 100.0% (5079105830 / 5079105935)
Layer  13: top-down blocks  11.0% | overall 100.0% (5079105830 / 5079105935)
Layer  13: top-down blocks  12.0% | overall 100.0% (5079105830 / 5079105935)
Layer  13: top-down blocks  13.0% | overall 100.0% (5079105830 / 5079105935)
Layer  13: top-down blocks  14.0% | overall 100.0% (5079105830 / 5079105935)
Layer  13: top-down blocks  15.0% | overall 100.0% (5079105830 / 5079105935)
Layer  13: top-down blocks  16.0% | overall 100.0% (5079105830 / 5079105935)
Layer  13: top-down blocks  17.0% | overall 100.0% (5079105830 / 5079105935)
Layer  13: top-down blocks  18.0% | overall 100.0% (5079105830 / 5079105935)
Layer  13: top-down blocks  19.0% | overall 100.0% (5079105830 / 5079105935)
Layer  13: top-down blocks  20.0% | overall 100.0% (5079105830 / 5079105935)
Layer  13: top-down blocks  21.0% | overall 100.0% (5079105830 / 5079105935)
Layer  13: top-down blocks  22.0% | overall 100.0% (5079105830 / 5079105935)
Layer  13: top-down blocks  23.0% | overall 100.0% (5079105830 / 5079105935)
Layer  13: top-down blocks  24.0% | overall 100.0% (5079105830 / 5079105935)
Layer  13: top-down blocks  25.0% | overall 100.0% (5079105830 / 5079105935)
Layer  13: top-down blocks  26.0% | overall 100.0% (5079105830 / 5079105935)
Layer  13: top-down blocks  27.0% | overall 100.0% (5079105830 / 5079105935)
Layer  13: top-down blocks  28.0% | overall 100.0% (5079105830 / 5079105935)
Layer  13: top-down blocks  29.0% | overall 100.0% (5079105830 / 5079105935)
Layer  13: top-down blocks  30.0% | overall 100.0% (5079105830 / 5079105935)
Layer  13: top-down blocks  31.0% | overall 100.0% (5079105830 / 5079105935)
Layer  13: top-down blocks  32.0% | overall 100.0% (5079105830 / 5079105935)
Layer  13: top-down blocks  33.0% | overall 100.0% (5079105830 / 5079105935)
Layer  13: top-down blocks  34.0% | overall 100.0% (5079105830 / 5079105935)
Layer  13: top-down blocks  35.0% | overall 100.0% (5079105830 / 5079105935)
Layer  13: top-down blocks  36.0% | overall 100.0% (5079105830 / 5079105935)
Layer  13: top-down blocks  37.0% | overall 100.0% (5079105830 / 5079105935)
Layer  13: top-down blocks  38.0% | overall 100.0% (5079105830 / 5079105935)
Layer  13: top-down blocks  39.0% | overall 100.0% (5079105830 / 5079105935)
Layer  13: top-down blocks  40.0% | overall 100.0% (5079105830 / 5079105935)
Layer  13: top-down blocks  41.0% | overall 100.0% (5079105830 / 5079105935)
Layer  13: top-down blocks  42.0% | overall 100.0% (5079105830 / 5079105935)
Layer  13: top-down blocks  43.0% | overall 100.0% (5079105830 / 5079105935)
Layer  13: top-down blocks  44.0% | overall 100.0% (5079105830 / 5079105935)
Layer  13: top-down blocks  45.0% | overall 100.0% (5079105830 / 5079105935)
Layer  13: top-down blocks  46.0% | overall 100.0% (5079105830 / 5079105935)
Layer  13: top-down blocks  47.0% | overall 100.0% (5079105830 / 5079105935)
Layer  13: top-down blocks  48.0% | overall 100.0% (5079105830 / 5079105935)
Layer  13: top-down blocks  49.0% | overall 100.0% (5079105830 / 5079105935)
Layer  13: top-down blocks  50.0% | overall 100.0% (5079105830 / 5079105935)
Layer  13: top-down blocks  51.0% | overall 100.0% (5079105830 / 5079105935)
Layer  13: top-down blocks  52.0% | overall 100.0% (5079105830 / 5079105935)
Layer  13: top-down blocks  53.0% | overall 100.0% (5079105830 / 5079105935)
Layer  13: top-down blocks  54.0% | overall 100.0% (5079105830 / 5079105935)
Layer  13: top-down blocks  55.0% | overall 100.0% (5079105830 / 5079105935)
Layer  13: top-down blocks  56.0% | overall 100.0% (5079105830 / 5079105935)
Layer  13: top-down blocks  57.0% | overall 100.0% (5079105830 / 5079105935)
Layer  13: top-down blocks  58.0% | overall 100.0% (5079105830 / 5079105935)
Layer  13: top-down blocks  59.0% | overall 100.0% (5079105830 / 5079105935)
Layer  13: top-down blocks  60.0% | overall 100.0% (5079105830 / 5079105935)
Layer  13: top-down blocks  61.0% | overall 100.0% (5079105830 / 5079105935)
Layer  13: top-down blocks  62.0% | overall 100.0% (5079105830 / 5079105935)
Layer  13: top-down blocks  63.0% | overall 100.0% (5079105830 / 5079105935)
Layer  13: top-down blocks  64.0% | overall 100.0% (5079105830 / 5079105935)
Layer  13: top-down blocks  65.0% | overall 100.0% (5079105830 / 5079105935)
Layer  13: top-down blocks  66.0% | overall 100.0% (5079105830 / 5079105935)
Layer  13: top-down blocks  67.0% | overall 100.0% (5079105830 / 5079105935)
Layer  13: top-down blocks  68.0% | overall 100.0% (5079105830 / 5079105935)
Layer  13: top-down blocks  69.0% | overall 100.0% (5079105830 / 5079105935)
Layer  13: top-down blocks  70.0% | overall 100.0% (5079105830 / 5079105935)
Layer  13: top-down blocks  71.0% | overall 100.0% (5079105830 / 5079105935)
Layer  13: top-down blocks  72.0% | overall 100.0% (5079105830 / 5079105935)
Layer  13: top-down blocks  73.0% | overall 100.0% (5079105830 / 5079105935)
Layer  13: top-down blocks  74.0% | overall 100.0% (5079105830 / 5079105935)
Layer  13: top-down blocks  75.0% | overall 100.0% (5079105830 / 5079105935)
Layer  13: top-down blocks  76.0% | overall 100.0% (5079105830 / 5079105935)
Layer  13: top-down blocks  77.0% | overall 100.0% (5079105830 / 5079105935)
Layer  13: top-down blocks  78.0% | overall 100.0% (5079105830 / 5079105935)
Layer  13: top-down blocks  79.0% | overall 100.0% (5079105830 / 5079105935)
Layer  13: top-down blocks  80.0% | overall 100.0% (5079105830 / 5079105935)
Layer  13: top-down blocks  81.0% | overall 100.0% (5079105830 / 5079105935)
Layer  13: top-down blocks  82.0% | overall 100.0% (5079105830 / 5079105935)
Layer  13: top-down blocks  83.0% | overall 100.0% (5079105830 / 5079105935)
Layer  13: top-down blocks  84.0% | overall 100.0% (5079105830 / 5079105935)
Layer  13: top-down blocks  85.0% | overall 100.0% (5079105830 / 5079105935)
Layer  13: top-down blocks  86.0% | overall 100.0% (5079105830 / 5079105935)
Layer  13: top-down blocks  87.0% | overall 100.0% (5079105830 / 5079105935)
Layer  13: top-down blocks  88.0% | overall 100.0% (5079105830 / 5079105935)
Layer  13: top-down blocks  89.0% | overall 100.0% (5079105830 / 5079105935)
Layer  13: top-down blocks  90.0% | overall 100.0% (5079105830 / 5079105935)
Layer  13: top-down blocks  91.0% | overall 100.0% (5079105830 / 5079105935)
Layer  13: top-down blocks  92.0% | overall 100.0% (5079105830 / 5079105935)
Layer  13: top-down blocks  93.0% | overall 100.0% (5079105830 / 5079105935)
Layer  13: top-down blocks  94.0% | overall 100.0% (5079105830 / 5079105935)
Layer  13: top-down blocks  95.0% | overall 100.0% (5079105830 / 5079105935)
Layer  13: top-down blocks  96.0% | overall 100.0% (5079105830 / 5079105935)
Layer  13: top-down blocks  97.0% | overall 100.0% (5079105830 / 5079105935)
Layer  13: top-down blocks  98.0% | overall 100.0% (5079105830 / 5079105935)
Layer  13: top-down blocks  99.0% | overall 100.0% (5079105830 / 5079105935)
Layer  13: top-down blocks 100.0% | overall 100.0% (5079105830 / 5079105935)
Layer  13: top-down blocks 100.0% | overall 100.0% (5079105830 / 5079105935)
Layer  13: top-down blocks 100.0% | overall 100.0% (5079105830 / 5079105935)
Component complete: 13 layers (directions: TD TD TD TD TD TD TD BU BU BU TD TD TD)
Overall BFS progress: 5079105935 / 5079105935 (100.0%)
component sizes after deletion:
  97
  5079105935
valid 96-extra cut: yes
therefore kappa_96(A(20,8)) <= 4368
Hamming baseline: 5298; Star boundary: 4368; Delta: 930
Embedding gate: d = 7, k = 8, n-k = 12 (open)
HARD COUNTEREXAMPLE: RestrictedLowerBound

real    42m16.570s
user    41m48.673s
sys     0m6.723s
