# Run on 9/19/26 on a 6-core machine
$ time ./bin/search_rook_cube_hybrids 18
Inferred starting cell: k=17, m=5 (tightest gate-open tall slice; not an optimality claim)
R=18 A(22,17) m=5: Hamming=1314 best structured=1313 (cube dim 0 + 6 arms, greedy fill) <-- BEATS HAMMING
best set:
(0,1,2,3,4,5,6,7,8,9,10,11,12,13,14,15,16)
(17,1,2,3,4,5,6,7,8,9,10,11,12,13,14,15,16)
(0,18,2,3,4,5,6,7,8,9,10,11,12,13,14,15,16)
(0,1,19,3,4,5,6,7,8,9,10,11,12,13,14,15,16)
(0,1,2,20,4,5,6,7,8,9,10,11,12,13,14,15,16)
(0,1,2,3,21,5,6,7,8,9,10,11,12,13,14,15,16)
(0,1,2,3,4,17,6,7,8,9,10,11,12,13,14,15,16)
(0,1,2,3,4,5,6,7,8,9,10,11,12,13,14,15,18)
(0,1,2,3,4,5,6,7,8,9,10,11,12,13,14,19,16)
(0,1,2,3,4,5,6,7,8,9,10,11,12,13,20,15,16)
(0,1,2,3,4,5,6,7,8,9,10,11,12,21,14,15,16)
(0,1,2,3,4,5,6,7,8,9,10,11,17,13,14,15,16)
(0,1,2,3,4,5,6,7,8,9,10,18,12,13,14,15,16)
(0,1,2,3,4,5,6,7,8,9,19,11,12,13,14,15,16)
(0,1,2,3,4,5,6,7,8,20,10,11,12,13,14,15,16)
(0,1,2,3,4,5,6,7,21,9,10,11,12,13,14,15,16)
(0,1,2,3,4,5,6,17,8,9,10,11,12,13,14,15,16)
(0,1,2,3,4,5,18,7,8,9,10,11,12,13,14,15,16)

real    1m0.435s
user    1m0.298s
sys     0m0.000s
